// Jest Snapshot v1, https://goo.gl/fbAQLP

exports[`Card Component should match the snapshot 1`] = `
<View
  style={
    [
      {
        "backgroundColor": "#ffffff",
        "borderColor": "#e6e4e5",
        "borderRadius": 12,
        "borderWidth": 1,
        "paddingHorizontal": 16,
        "paddingVertical": 21,
      },
      undefined,
    ]
  }
  testID="card"
>
  <Text
    style={
      [
        {
          "color": "#000000",
          "fontFamily": "Poppins-Regular",
        },
        {
          "fontSize": 14,
          "lineHeight": 20,
        },
        undefined,
      ]
    }
  >
    Snapshot Content
  </Text>
</View>
`;
